
========================================================================
CMB POLARIZATION SLICE PACKAGER
========================================================================
Started: 2026-08-09T14:24:33
Test mode: True
Expected cosmologies: 67,240
Expected full slice count: 4,961

Cache files found: 67,240
Cache files expected: 67,240

Calculating global polarization normalization...
  scanned 5,000 / 67,240 models
  scanned 10,000 / 67,240 models
  scanned 15,000 / 67,240 models
  scanned 20,000 / 67,240 models
  scanned 25,000 / 67,240 models
  scanned 30,000 / 67,240 models
  scanned 35,000 / 67,240 models
  scanned 40,000 / 67,240 models
  scanned 45,000 / 67,240 models
  scanned 50,000 / 67,240 models
  scanned 55,000 / 67,240 models
  scanned 60,000 / 67,240 models
  scanned 65,000 / 67,240 models
  scanned 67,240 / 67,240 models

Global P95 = 0.00259383069351
Global maximum = 0.0058994893916
Mean P = 0.00121643254533
Normalization scan took 11.82 seconds

Saved normalization:
/Users/jonathanbyrd/Desktop/CMBWeb III/Simulator/db_pol_all/polarization_normalization.json

========================================================================
BUILDING THREE REFERENCE SLICES
========================================================================
Omega_b reference slice: written
Omega_c reference slice: written
Omega_Lambda reference slice: written

========================================================================
PACKAGING RUN COMPLETE
========================================================================
Slice files currently present: 3
Current slice database size: 0.06 MB
Global P95: 0.00259383069351
Elapsed wall time: 0.20 minutes

Output directory:
/Users/jonathanbyrd/Desktop/CMBWeb III/Simulator/db_pol_all/slices

Manifest:
/Users/jonathanbyrd/Desktop/CMBWeb III/Simulator/db_pol_all/slices/manifest.json

Finished: 2026-08-09T14:24:45

========================================================================
CMB POLARIZATION SLICE PACKAGER
========================================================================
Started: 2026-08-09T14:36:31
Test mode: False
Expected cosmologies: 67,240
Expected full slice count: 4,961

Cache files found: 67,240
Cache files expected: 67,240

Using existing global normalization.
Global P95 = 0.00259383069351

========================================================================
BUILDING FULL SLICE DATABASE
========================================================================
Omega_b slices: 1,681
Omega_c slices: 1,640
Omega_Lambda slices: 1,640
Total slices: 4,961

Building Omega_b slices...
[100/4,961] written=100 skipped=0 ETA=0.8 min
[200/4,961] written=200 skipped=0 ETA=0.8 min
[300/4,961] written=300 skipped=0 ETA=0.8 min
[400/4,961] written=400 skipped=0 ETA=0.8 min
[500/4,961] written=499 skipped=1 ETA=0.8 min
[600/4,961] written=599 skipped=1 ETA=0.8 min
[700/4,961] written=699 skipped=1 ETA=0.7 min
[800/4,961] written=799 skipped=1 ETA=0.7 min
[900/4,961] written=899 skipped=1 ETA=0.7 min
[1,000/4,961] written=999 skipped=1 ETA=0.7 min
[1,100/4,961] written=1,099 skipped=1 ETA=0.7 min
[1,200/4,961] written=1,199 skipped=1 ETA=0.7 min
[1,300/4,961] written=1,299 skipped=1 ETA=0.6 min
[1,400/4,961] written=1,399 skipped=1 ETA=0.6 min
[1,500/4,961] written=1,499 skipped=1 ETA=0.6 min
[1,600/4,961] written=1,599 skipped=1 ETA=0.6 min
Building Omega_c slices...
[1,700/4,961] written=1,699 skipped=1 ETA=0.6 min
[1,800/4,961] written=1,798 skipped=2 ETA=0.5 min
[1,900/4,961] written=1,898 skipped=2 ETA=0.5 min
[2,000/4,961] written=1,998 skipped=2 ETA=0.5 min
[2,100/4,961] written=2,098 skipped=2 ETA=0.5 min
[2,200/4,961] written=2,198 skipped=2 ETA=0.5 min
[2,300/4,961] written=2,298 skipped=2 ETA=0.5 min
[2,400/4,961] written=2,398 skipped=2 ETA=0.5 min
[2,500/4,961] written=2,498 skipped=2 ETA=0.4 min
[2,600/4,961] written=2,598 skipped=2 ETA=0.4 min
[2,700/4,961] written=2,698 skipped=2 ETA=0.4 min
[2,800/4,961] written=2,798 skipped=2 ETA=0.4 min
[2,900/4,961] written=2,898 skipped=2 ETA=0.4 min
[3,000/4,961] written=2,998 skipped=2 ETA=0.4 min
[3,100/4,961] written=3,098 skipped=2 ETA=0.3 min
[3,200/4,961] written=3,198 skipped=2 ETA=0.3 min
[3,300/4,961] written=3,298 skipped=2 ETA=0.3 min
Building Omega_Lambda slices...
[3,400/4,961] written=3,397 skipped=3 ETA=0.3 min
[3,500/4,961] written=3,497 skipped=3 ETA=0.3 min
[3,600/4,961] written=3,597 skipped=3 ETA=0.3 min
[3,700/4,961] written=3,697 skipped=3 ETA=0.2 min
[3,800/4,961] written=3,797 skipped=3 ETA=0.2 min
[3,900/4,961] written=3,897 skipped=3 ETA=0.2 min
[4,000/4,961] written=3,997 skipped=3 ETA=0.2 min
[4,100/4,961] written=4,097 skipped=3 ETA=0.2 min
[4,200/4,961] written=4,197 skipped=3 ETA=0.1 min
[4,300/4,961] written=4,297 skipped=3 ETA=0.1 min
[4,400/4,961] written=4,397 skipped=3 ETA=0.1 min
[4,500/4,961] written=4,497 skipped=3 ETA=0.1 min
[4,600/4,961] written=4,597 skipped=3 ETA=0.1 min
[4,700/4,961] written=4,697 skipped=3 ETA=0.0 min
[4,800/4,961] written=4,797 skipped=3 ETA=0.0 min
[4,900/4,961] written=4,897 skipped=3 ETA=0.0 min
[4,961/4,961] written=4,958 skipped=3 ETA=0.0 min

========================================================================
SLICE BUILD COMPLETE
========================================================================
Written: 4,958
Skipped: 3
Total: 4,961
Elapsed: 0.83 minutes

========================================================================
PACKAGING RUN COMPLETE
========================================================================
Slice files currently present: 4,961
Current slice database size: 107.06 MB
Global P95: 0.00259383069351
Elapsed wall time: 0.84 minutes

Output directory:
/Users/jonathanbyrd/Desktop/CMBWeb III/Simulator/db_pol_all/slices

Manifest:
/Users/jonathanbyrd/Desktop/CMBWeb III/Simulator/db_pol_all/slices/manifest.json

Finished: 2026-08-09T14:37:22
